../Src/main.c:153:13:Led_Init_red1	16	static
../Src/main.c:165:13:Led_Init_red2	16	static
../Src/main.c:177:13:Led_Init_blue1	16	static
../Src/main.c:189:13:Led_Init_blue2	16	static
../Src/main.c:201:13:Button_Init	16	static
../Src/main.c:212:13:Button_Init_b3	16	static
../Src/main.c:223:13:Button_Init_b4	16	static
../Src/main.c:234:13:Buzzer_Init	16	static
../Src/main.c:246:13:LEDControl_SetStatus	16	static
../Src/main.c:258:16:ButtonRead_Status	24	static
../Src/main.c:268:13:BuzzerControl_SetStatus	16	static
../Src/main.c:281:5:main	16	static
../Src/main.c:344:6:delay_ms	24	static
../Src/main.c:360:10:CalculatorTime	24	static
../Src/main.c:377:13:AppCommon	16	static
../Src/main.c:400:13:SPI1_Init	16	static
../Src/main.c:428:13:I2C_Init_temphumi	32	static
../Src/main.c:467:6:I2C_start	8	static
../Src/main.c:487:6:I2C_address_direction	16	static
../Src/main.c:510:6:I2C_transmit	16	static
../Src/main.c:526:6:I2C_stop	8	static
../Src/main.c:538:9:I2C_receive_nack	8	static
../Src/main.c:557:9:I2C_receive_ack	8	static
../Src/main.c:575:13:TemHumSensor_readRegister	40	static
../Src/main.c:622:10:GetTemp_Sensor	32	static
../Src/main.c:644:10:GetHumi_Sensor	32	static
../Src/main.c:668:6:processGetValueSensor	16	static
../Src/main.c:723:6:Scan_SensorLCD	16	static
../Src/main.c:740:6:Scan_TimeSensor	24	static
